// Jest Snapshot v1, https://goo.gl/fbAQLP

exports[`Jest Snapshot testing suite It should match snapshot 1`] = `
Array [
  <nav
    className="nav-container"
  >
    <a
      aria-current="page"
      className="active"
      href="/"
      onClick={[Function]}
    >
      <img
        alt="home"
        className="icons"
        src="home.png"
      />
    </a>
    <div
      className="back"
    >
      <h2>
        Crypto Market
      </h2>
    </div>
    <div
      className="mic-set"
    >
      <img
        alt="mic"
        className="icons"
        src="mic.png"
      />
      <img
        alt="settings"
        className="icons"
        src="settings.png"
      />
    </div>
  </nav>,
  <section>
    <div
      className="info-list"
    >
      <div
        className="options"
      >
        <select
          className="filter"
          onChange={[Function]}
        >
          <option
            value="price"
          >
             Rank 
          </option>
          <option
            value="name"
          >
             Name 
          </option>
          <option
            value="vol"
          >
             Price 
          </option>
        </select>
      </div>
      <div
        className="forms"
      >
        <form
          className="search-form"
          onSubmit={[Function]}
        >
          <input
            name="coinSearch"
            placeholder="Fill Crypto name ..."
            required={true}
            type="text"
          />
          <input
            type="submit"
            value="Search"
          />
        </form>
      </div>
    </div>
    <ul
      className="coinList"
    />
  </section>,
]
`;
